---
source: crates/lambda3/tests/parser.rs
expression: "(input, parse.errors, node)"
input_file: crates/lambda3/tests/examples/patterns/no_pattern.l3

---
(
    "\\",
    [
        "expected pattern, got BACKSLASH",
        "Unexpected token EOF",
    ],
    ROOT@0..1
      ERROR@0..0
      ERROR@0..1
        BACKSLASH@0..1 "\\"
    ,
)
