---
source: crates/lambda3/tests/parser.rs
expression: "(input, parse.errors, node)"
input_file: crates/lambda3/tests/examples/patterns/missing_closing_paren.l3

---
(
    "(_ : Int",
    [
        "missing closing paren, got EOF",
    ],
    ROOT@0..8
      PAREN_P@0..8
        L_PAREN@0..1 "("
        ANNOTATION_P@1..8
          WILDCARD_P@1..2
            UNDERSCORE@1..2 "_"
          WHITESPACE@2..3 " "
          COLON@3..4 ":"
          INT_TY@4..8
            WHITESPACE@4..5 " "
            INT@5..8 "Int"
        ERROR@8..8
    ,
)
