---
source: crates/lambda3/tests/parser.rs
expression: "(input, parse.errors, node)"
input_file: crates/lambda3/tests/examples/expr/missing_body_rparen.l3

---
(
    "(\\x.",
    [
        "Expected expression",
        "unexpected token EOF, expected \')\'",
    ],
    ROOT@0..4
      PAREN_E@0..4
        L_PAREN@0..1 "("
        LAMBDA_E@1..4
          BACKSLASH@1..2 "\\"
          VAR_P@2..3
            IDENT@2..3 "x"
          DOT@3..4 "."
          ERROR@4..4
        ERROR@4..4
    ,
)
