---
source: crates/lambda3/tests/parser.rs
expression: "(input, parse.errors, node)"
input_file: crates/lambda3/tests/examples/patterns/paren.l3

---
(
    "(_)",
    [],
    ROOT@0..3
      PAREN_P@0..3
        L_PAREN@0..1 "("
        WILDCARD_P@1..2
          UNDERSCORE@1..2 "_"
        R_PAREN@2..3 ")"
    ,
)
