---
source: src/cst.rs
expression: "(input, parse.errors, node)"
input_file: src/examples/expr/simple_number_literal.l3
---
(
    "\\x. 42",
    [],
    Root@0..6
      LambdaE@0..6
        Backslash@0..1 "\\"
        VarP@1..2
          Ident@1..2 "x"
        Dot@2..3 "."
        LiteralE@3..6
          Whitespace@3..4 " "
          NumberLit@4..6 "42"
    ,
)
