---
source: src/cst.rs
expression: "(input, parse.errors, node)"
input_file: src/examples/types/nested_parens_type.l3
---
(
    "(Int->Int)->(Bool->Bool)",
    [],
    Root@0..24
      FuncTy@0..24
        ParenTy@0..10
          LParen@0..1 "("
          FuncTy@1..9
            IntTy@1..4
              Int@1..4 "Int"
            Arrow@4..6 "->"
            IntTy@6..9
              Int@6..9 "Int"
          RParen@9..10 ")"
        Arrow@10..12 "->"
        ParenTy@12..24
          LParen@12..13 "("
          FuncTy@13..23
            BoolTy@13..17
              Bool@13..17 "Bool"
            Arrow@17..19 "->"
            BoolTy@19..23
              Bool@19..23 "Bool"
          RParen@23..24 ")"
    ,
)
