---
source: src/cst.rs
expression: "(input, parse.errors, node)"
input_file: src/examples/expr/missing_body.l3
---
(
    "(\\x.)",
    [
        "Expected expression",
    ],
    Root@0..5
      ParenE@0..5
        LParen@0..1 "("
        LambdaE@1..4
          Backslash@1..2 "\\"
          VarP@2..3
            Ident@2..3 "x"
          Dot@3..4 "."
          Error@4..4
        RParen@4..5 ")"
    ,
)
