---
source: src/cst.rs
expression: "(input, parse.errors, node)"
input_file: src/examples/expr/simple.l3
---
(
    "(\\x. x)",
    [],
    Root@0..7
      ParenE@0..7
        LParen@0..1 "("
        LambdaE@1..6
          Backslash@1..2 "\\"
          VarP@2..3
            Ident@2..3 "x"
          Dot@3..4 "."
          VarE@4..6
            Whitespace@4..5 " "
            Ident@5..6 "x"
        RParen@6..7 ")"
    ,
)
