---
source: src/cst.rs
expression: "(input, parse.errors, node)"
input_file: src/examples/expr/simple_boolean_literal_application.l3
---
(
    "\\x. true false",
    [],
    Root@0..14
      LambdaE@0..14
        Backslash@0..1 "\\"
        VarP@1..2
          Ident@1..2 "x"
        Dot@2..3 "."
        ApplicationE@3..14
          LiteralE@3..8
            Whitespace@3..4 " "
            TrueKw@4..8 "true"
          LiteralE@8..14
            Whitespace@8..9 " "
            FalseKw@9..14 "false"
    ,
)
