---
source: src/cst.rs
expression: "(input, parse.errors, node)"
input_file: src/examples/expr/missing_body_rparen.l3
---
(
    "(\\x ->",
    [
        "Expected expression",
        "unexpected token Eof, expected \')\'",
    ],
    RootE@0..6
      ParenE@0..6
        LParen@0..1 "("
        LambdaE@1..6
          Backslash@1..2 "\\"
          VarP@2..3
            Ident@2..3 "x"
          Whitespace@3..4 " "
          Arrow@4..6 "->"
          Error@6..6
        Error@6..6
    ,
)
